11-Dec-2025 10:23:51.085 INFO [main] org.apache.catalina.startup.VersionLoggerListener.log 서버 버전 이름:    Apache Tomcat/10.1.50
11-Dec-2025 10:23:51.091 INFO [main] org.apache.catalina.startup.VersionLoggerListener.log Server 빌드 시각:  Dec 2 2025 22:57:41 UTC
11-Dec-2025 10:23:51.091 INFO [main] org.apache.catalina.startup.VersionLoggerListener.log Server 버전 번호:  10.1.50.0
11-Dec-2025 10:23:51.092 INFO [main] org.apache.catalina.startup.VersionLoggerListener.log 운영체제 이름:     Windows 11
11-Dec-2025 10:23:51.092 INFO [main] org.apache.catalina.startup.VersionLoggerListener.log 운영체제 버전:     10.0
11-Dec-2025 10:23:51.092 INFO [main] org.apache.catalina.startup.VersionLoggerListener.log 아키텍처:          amd64
11-Dec-2025 10:23:51.092 INFO [main] org.apache.catalina.startup.VersionLoggerListener.log 자바 홈:           C:\Program Files\Java\jdk-17
11-Dec-2025 10:23:51.093 INFO [main] org.apache.catalina.startup.VersionLoggerListener.log JVM 버전:          17.0.12+8-LTS-286
11-Dec-2025 10:23:51.093 INFO [main] org.apache.catalina.startup.VersionLoggerListener.log JVM 벤더:          Oracle Corporation
11-Dec-2025 10:23:51.093 INFO [main] org.apache.catalina.startup.VersionLoggerListener.log CATALINA_BASE:     C:\apache-tomcat-10.1.50
11-Dec-2025 10:23:51.094 INFO [main] org.apache.catalina.startup.VersionLoggerListener.log CATALINA_HOME:     C:\apache-tomcat-10.1.50
11-Dec-2025 10:23:51.107 INFO [main] org.apache.catalina.startup.VersionLoggerListener.log 명령 행 아규먼트:  -Djava.util.logging.config.file=C:\apache-tomcat-10.1.50\conf\logging.properties
11-Dec-2025 10:23:51.136 INFO [main] org.apache.catalina.startup.VersionLoggerListener.log 명령 행 아규먼트:  -Djava.util.logging.manager=org.apache.juli.ClassLoaderLogManager
11-Dec-2025 10:23:51.138 INFO [main] org.apache.catalina.startup.VersionLoggerListener.log 명령 행 아규먼트:  -Djdk.tls.ephemeralDHKeySize=2048
11-Dec-2025 10:23:51.139 INFO [main] org.apache.catalina.startup.VersionLoggerListener.log 명령 행 아규먼트:  -Djava.protocol.handler.pkgs=org.apache.catalina.webresources
11-Dec-2025 10:23:51.140 INFO [main] org.apache.catalina.startup.VersionLoggerListener.log 명령 행 아규먼트:  -Dsun.io.useCanonCaches=false
11-Dec-2025 10:23:51.141 INFO [main] org.apache.catalina.startup.VersionLoggerListener.log 명령 행 아규먼트:  --add-opens=java.base/java.lang=ALL-UNNAMED
11-Dec-2025 10:23:51.142 INFO [main] org.apache.catalina.startup.VersionLoggerListener.log 명령 행 아규먼트:  --add-opens=java.base/java.lang.reflect=ALL-UNNAMED
11-Dec-2025 10:23:51.143 INFO [main] org.apache.catalina.startup.VersionLoggerListener.log 명령 행 아규먼트:  --add-opens=java.base/java.io=ALL-UNNAMED
11-Dec-2025 10:23:51.144 INFO [main] org.apache.catalina.startup.VersionLoggerListener.log 명령 행 아규먼트:  --add-opens=java.base/java.util=ALL-UNNAMED
11-Dec-2025 10:23:51.144 INFO [main] org.apache.catalina.startup.VersionLoggerListener.log 명령 행 아규먼트:  --add-opens=java.base/java.util.concurrent=ALL-UNNAMED
11-Dec-2025 10:23:51.145 INFO [main] org.apache.catalina.startup.VersionLoggerListener.log 명령 행 아규먼트:  --add-opens=java.rmi/sun.rmi.transport=ALL-UNNAMED
11-Dec-2025 10:23:51.146 INFO [main] org.apache.catalina.startup.VersionLoggerListener.log 명령 행 아규먼트:  -Dcatalina.base=C:\apache-tomcat-10.1.50
11-Dec-2025 10:23:51.146 INFO [main] org.apache.catalina.startup.VersionLoggerListener.log 명령 행 아규먼트:  -Dcatalina.home=C:\apache-tomcat-10.1.50
11-Dec-2025 10:23:51.147 INFO [main] org.apache.catalina.startup.VersionLoggerListener.log 명령 행 아규먼트:  -Djava.io.tmpdir=C:\apache-tomcat-10.1.50\temp
11-Dec-2025 10:23:51.151 INFO [main] org.apache.catalina.core.AprLifecycleListener.lifecycleEvent 프로덕션 환경들에서 최적의 성능을 제공하는, APR 기반 Apache Tomcat Native 라이브러리가, 다음 java.library.path에서 발견되지 않습니다: [C:\Program Files\Java\jdk-17\bin;C:\Windows\Sun\Java\bin;C:\Windows\system32;C:\Windows;C:\Program Files\Common Files\Oracle\Java\javapath;C:\Program Files (x86)\Common Files\Intel\Shared Libraries\redist\intel64\compiler;C:\Windows\system32;C:\Windows;C:\Windows\System32\Wbem;C:\Windows\System32\WindowsPowerShell\v1.0\;C:\Windows\System32\OpenSSH\;%JAVA_HOME%\bin;C:\Users\User\AppData\Local\Microsoft\WindowsApps;C:\Users\User\AppData\Local\Programs\Microsoft VS Code\bin;.]
11-Dec-2025 10:23:51.406 INFO [main] org.apache.coyote.AbstractProtocol.init 프로토콜 핸들러 ["http-nio-8080"]을(를) 초기화합니다.
11-Dec-2025 10:23:51.439 INFO [main] org.apache.catalina.startup.Catalina.load [583] 밀리초 내에 서버가 초기화되었습니다.
11-Dec-2025 10:23:51.502 INFO [main] org.apache.catalina.core.StandardService.startInternal 서비스 [Catalina]을(를) 시작합니다.
11-Dec-2025 10:23:51.504 INFO [main] org.apache.catalina.core.StandardEngine.startInternal 서버 엔진을 시작합니다: [Apache Tomcat/10.1.50]
11-Dec-2025 10:23:51.517 INFO [main] org.apache.catalina.startup.HostConfig.deployDirectory 웹 애플리케이션 디렉토리 [C:\apache-tomcat-10.1.50\webapps\docs]을(를) 배치합니다.
11-Dec-2025 10:23:51.986 INFO [main] org.apache.catalina.startup.HostConfig.deployDirectory 웹 애플리케이션 디렉토리 [C:\apache-tomcat-10.1.50\webapps\docs]에 대한 배치가 [464] 밀리초에 완료되었습니다.
11-Dec-2025 10:23:51.989 INFO [main] org.apache.catalina.startup.HostConfig.deployDirectory 웹 애플리케이션 디렉토리 [C:\apache-tomcat-10.1.50\webapps\examples]을(를) 배치합니다.
11-Dec-2025 10:23:52.318 INFO [main] org.apache.catalina.startup.HostConfig.deployDirectory 웹 애플리케이션 디렉토리 [C:\apache-tomcat-10.1.50\webapps\examples]에 대한 배치가 [329] 밀리초에 완료되었습니다.
11-Dec-2025 10:23:52.319 INFO [main] org.apache.catalina.startup.HostConfig.deployDirectory 웹 애플리케이션 디렉토리 [C:\apache-tomcat-10.1.50\webapps\host-manager]을(를) 배치합니다.
11-Dec-2025 10:23:52.354 INFO [main] org.apache.catalina.startup.HostConfig.deployDirectory 웹 애플리케이션 디렉토리 [C:\apache-tomcat-10.1.50\webapps\host-manager]에 대한 배치가 [35] 밀리초에 완료되었습니다.
11-Dec-2025 10:23:52.356 INFO [main] org.apache.catalina.startup.HostConfig.deployDirectory 웹 애플리케이션 디렉토리 [C:\apache-tomcat-10.1.50\webapps\manager]을(를) 배치합니다.
11-Dec-2025 10:23:52.386 INFO [main] org.apache.catalina.startup.HostConfig.deployDirectory 웹 애플리케이션 디렉토리 [C:\apache-tomcat-10.1.50\webapps\manager]에 대한 배치가 [29] 밀리초에 완료되었습니다.
11-Dec-2025 10:23:52.387 INFO [main] org.apache.catalina.startup.HostConfig.deployDirectory 웹 애플리케이션 디렉토리 [C:\apache-tomcat-10.1.50\webapps\ROOT]을(를) 배치합니다.
11-Dec-2025 10:23:52.406 INFO [main] org.apache.catalina.startup.HostConfig.deployDirectory 웹 애플리케이션 디렉토리 [C:\apache-tomcat-10.1.50\webapps\ROOT]에 대한 배치가 [19] 밀리초에 완료되었습니다.
11-Dec-2025 10:23:52.415 INFO [main] org.apache.coyote.AbstractProtocol.start 프로토콜 핸들러 ["http-nio-8080"]을(를) 시작합니다.
11-Dec-2025 10:23:52.459 INFO [main] org.apache.catalina.startup.Catalina.start 서버가 [1011] 밀리초 내에 시작되었습니다.
